python : Traceback (most recent call last):
At line:1 char:1
+ python test_loinc_data.py > test_output.txt 2>&1; Get-Content test_ou ...
+ ~~~~~~~~~~~~~~~~~~~~~~~~~~~~~~~~~~~~~~~~~~~~~~~~
    + CategoryInfo          : NotSpecified: (Traceback (most recent call last)::String) [], RemoteExceptio 
   n
    + FullyQualifiedErrorId : NativeCommandError
 
  File "C:\CSA-demo-projects\MAF_SqlAgent_demo_v3-custom-data\test_loinc_data.py", line 32, in <module>
    token_struct = struct.pack(f'<I{len(token_bytes)}s', len(token_bytes), token_bytes)
           ^^^^^^^^^^^^^^^^^^^^^^^^^^^^^^^^^^^^^^^^^^^^^^^^^^^^^^^^^^^^^^^^^^^^^^^^^^^^
pyodbc.OperationalError: ('08001', '[08001] [Microsoft][ODBC Driver 18 for SQL Server]TCP Provider: No 
such host is known.\r\n (11001) (SQLDriverConnect); [08001] [Microsoft][ODBC Driver 18 for SQL 
Server]Login timeout expired (0); [08001] [Microsoft][ODBC Driver 18 for SQL Server]Invalid connection 
string attribute (0); [08001] [Microsoft][ODBC Driver 18 for SQL Server]A network-related or 
instance-specific error has occurred while establishing a connection to tcp:None,1433. Server is not found 
or not accessible. Check if instance name is correct and if SQL Server is configured to allow remote 
connections. For more information see SQL Server Books Online. (11001)')
